Using network 'test'.

Compiling ./contracts/AccessControl.sol...
Compiling ./contracts/GemERC721.sol...
Compiling ./contracts/Presale.sol...
[initial migration] test network - skipping the migration script
[deploy gem] test network - skipping the migration script

[0m[0m
[0m  Contract: AccessControl[0m
  [32m  ✓[0m[90m initial state: creator has full access, other account don't have any roles[0m[31m (194ms)[0m
  [32m  ✓[0m[90m updating features: full cycle[0m[31m (229ms)[0m
  [32m  ✓[0m[90m adding an operator: full cycle[0m[31m (279ms)[0m
  [32m  ✓[0m[90m removing an operator: full cycle[0m[31m (307ms)[0m
  [32m  ✓[0m[90m adding a role: full cycle[0m[31m (361ms)[0m
  [32m  ✓[0m[90m removing a role: full cycle[0m[31m (241ms)[0m

[0m  Contract: GeodeSale: Gas Usage[0m
  [32m  ✓[0m[90m Gem ERC721: deploying a GemERC721 requires 5054808 gas[0m[31m (231ms)[0m
  [32m  ✓[0m[90m geode sale: buying a geode requires 638327 gas[0m[31m (767ms)[0m
  [32m  ✓[0m[90m geode sale: buying 10 geodes requires 6248231 gas[0m[31m (3739ms)[0m

[0m  Contract: GemERC721[0m
  [32m  ✓[0m[90m initial state: no tokens exist initially[0m[31m (130ms)[0m
  [32m  ✓[0m[90m mint: creating a token[0m[31m (485ms)[0m
  [32m  ✓[0m[90m mint: integrity of a created a token[0m[31m (577ms)[0m
  [32m  ✓[0m[90m transfer: transferring a token[0m[31m (576ms)[0m
  [32m  ✓[0m[90m transfer: transferring a locked token[0m[31m (1111ms)[0m
  [32m  ✓[0m[90m transferFrom: transferring on behalf[0m[31m (920ms)[0m
  [32m  ✓[0m[90m approve: approve and transfer on behalf[0m[31m (841ms)[0m
  [32m  ✓[0m[90m level up: full cycle[0m[31m (285ms)[0m
  [32m  ✓[0m[90m update grade: full cycle[0m[31m (329ms)[0m
  [32m  ✓[0m[90m set state: full cycle[0m[31m (306ms)[0m
  [32m  ✓[0m[90m getters: throw on non-existent token[0m[31m (328ms)[0m

[0m  Contract: GeodeSale[0m
  [32m  ✓[0m[90m geode sale: it is possible to buy geode[0m[31m (658ms)[0m
  [32m  ✓[0m[90m geode sale: it is possible to buy 5 geodes and get 1 free gem[0m[31m (1695ms)[0m
  [32m  ✓[0m[90m geode sale: it is possible to buy 10 geodes and get 1 free geode[0m[31m (3484ms)[0m
  [32m  ✓[0m[90m geode sale: it is possible to buy few geodes and get a change[0m[31m (1211ms)[0m
  [32m  ✓[0m[90m geode sale: gems created from the geode have correct amount and owner[0m[31m (741ms)[0m
  [32m  ✓[0m[90m geode sale: gems created from the geode have correct coordinates[0m[31m (580ms)[0m
  [32m  ✓[0m[90m geode sale: iterate over the gems bought from few geodes[0m[31m (2047ms)[0m
  [32m  ✓[0m[90m geode sale: gems created from the geode contain 1 gem of the level 2[0m[31m (841ms)[0m
  [32m  ✓[0m[90m geode sale: gems created from the geode contain 1 gem of the grade A[0m[31m (798ms)[0m

[0m  Contract: Presale 5500[0m
    0.1.2.3.4.5.6.7.8.9.10.11.12.13.14.15.16.17.18.19.20.21.22.23.24.25.26.27.28.29.30.31.32.33.34.35.36.37.38.39.40.41.42.43.44.45.46.47.48.49.50.51.52.53.54.55.56.57.58.59.60.61.62.63.64.65.66.67.68.69.70.71.72.73.74.75.76.77.78.79.80.81.82.83.84.85.86.87.88.89.90.91.92.93.94.95.96.97.98.99.100.101.102.103.104.105.106.107.108.109.110.111.112.113.114.115.116.117.118.119.120.121.122.123.124.125.126.127.128.129.130.131.132.133.134.135.136.137.138.139.140.141.142.143.144.145.146.147.148.149.150.151.152.153.154.155.156.157.158.159.160.161.162.163.164.165.166.167.168.169.170.171.172.173.174.175.176.177.178.179.180.181.182.183.184.185.186.187.188.189.190.191.192.193.194.195.196.197.198.199.200.201.202.203.204.205.206.207.208.209.210.211.212.213.214.215.216.217.218.219.220.221.222.223.224.225.226.227.228.229.230.231.232.233.234.235.236.237.238.239.240.241.242.243.244.245.246.247.248.249.250.251.252.253.254.255.256.257.258.259.260.261.262.263.264.265.266.267.268.269.270.271.272.273.274.275.276.277.278.279.280.281.282.283.284.285.286.287.288.289.290.291.292.293.294.295.296.297.298.299.300.301.302.303.304.305.306.307.308.309.310.311.312.313.314.315.316.317.318.319.320.321.322.323.324.325.326.327.328.329.330.331.332.333.334.335.336.337.338.339.340.341.342.343.344.345.346.347.348.349.350.351.352.353.354.355.356.357.358.359.360.361.362.363.364.365.366.367.368.369.370.371.372.373.374.375.376.377.378.379.380.381.382.383.384.385.386.387.388.389.390.391.392.393.394.395.396.397.398.399.400.401.402.403.404.405.406.407.408.409.410.411.412.413.414.415.416.417.418.419.420.421.422.423.424.425.426.427.428.429.430.431.432.433.434.435.436.437.438.439.440.441.442.443.444.445.446.447.448.449.450.451.452.453.454.455.456.457.458.459.460.461.462.463.464.465.466.467.468.469.470.471.472.473.474.475.476.477.478.479.480.481.482.483.484.485.486.487.488.489.490.491.492.493.494.495.496.497.498.499.
    collection 0 size: 2835
    collection 1 size: 2835
    collection 2 size: 2835
    collection 3 size: 2835
    collection 4 size: 2790
    collection 5 size: 2790
    collection 6 size: 2790
    collection 7 size: 2790
    total gems bought: 22500
    January: 	3817
    February: 	3785
    March: 	0
    April: 	0
    May: 	0
    June: 	0
    July: 	0
    August: 	0
    September: 	3744
    October: 	3716
    Noveber: 	3718
    December: 	3714
    Level 1:	16999
    Level 2:	5499
    Level 3:	0
    Level 4:	0
    Level 5:	0
    Grade D:	8721
    Grade C:	6468
    Grade B:	1784
    Grade A:	5406
    Grade AA:	112
    Grade AAA:	3
  [32m  ✓[0m[90m presale: buying all 5500 geodes[0m[31m (2669254ms)[0m


[92m [0m[32m 30 passing[0m[90m (45m)[0m

